###############################################################################
#
# IAR ELF Linker V8.10.1.12857/W32 for ARM                09/May/2018  19:08:45
# Copyright 2007-2017 IAR Systems AB.
#
#    Output file  =  
#        C:\Program Files\Git projects\A-car\A车 5级别pid - 路况 - 闭环
#        - 副本\Prj\IAR\DZ10_Debug\Exe\vcan_Kinetis.out
#    Map file     =  
#        C:\Program Files\Git projects\A-car\A车 5级别pid - 路况 - 闭环
#        - 副本\Prj\IAR\DZ10_Debug\List\vcan_Kinetis.map
#    Command line =  
#        -f C:\Users\admin\AppData\Local\Temp\EW6774.tmp ("C:\Program Files\Git
#        projects\A-car\A车 5级别pid - 路况 - 闭环 -
#        副本\Prj\IAR\DZ10_Debug\Obj\AngleControl.o" "C:\Program Files\Git
#        projects\A-car\A车 5级别pid - 路况 - 闭环 -
#        副本\Prj\IAR\DZ10_Debug\Obj\diskio.o" "C:\Program Files\Git
#        projects\A-car\A车 5级别pid - 路况 - 闭环 -
#        副本\Prj\IAR\DZ10_Debug\Obj\ff.o" "C:\Program Files\Git
#        projects\A-car\A车 5级别pid - 路况 - 闭环 -
#        副本\Prj\IAR\DZ10_Debug\Obj\Funciton.o" "C:\Program Files\Git
#        projects\A-car\A车 5级别pid - 路况 - 闭环 -
#        副本\Prj\IAR\DZ10_Debug\Obj\GetMessage.o" "C:\Program Files\Git
#        projects\A-car\A车 5级别pid - 路况 - 闭环 -
#        副本\Prj\IAR\DZ10_Debug\Obj\main.o" "C:\Program Files\Git
#        projects\A-car\A车 5级别pid - 路况 - 闭环 -
#        副本\Prj\IAR\DZ10_Debug\Obj\misc.o" "C:\Program Files\Git
#        projects\A-car\A车 5级别pid - 路况 - 闭环 -
#        副本\Prj\IAR\DZ10_Debug\Obj\MK60_adc.o" "C:\Program Files\Git
#        projects\A-car\A车 5级别pid - 路况 - 闭环 -
#        副本\Prj\IAR\DZ10_Debug\Obj\MK60_can.o" "C:\Program Files\Git
#        projects\A-car\A车 5级别pid - 路况 - 闭环 -
#        副本\Prj\IAR\DZ10_Debug\Obj\MK60_conf.o" "C:\Program Files\Git
#        projects\A-car\A车 5级别pid - 路况 - 闭环 -
#        副本\Prj\IAR\DZ10_Debug\Obj\MK60_dac.o" "C:\Program Files\Git
#        projects\A-car\A车 5级别pid - 路况 - 闭环 -
#        副本\Prj\IAR\DZ10_Debug\Obj\MK60_dma.o" "C:\Program Files\Git
#        projects\A-car\A车 5级别pid - 路况 - 闭环 -
#        副本\Prj\IAR\DZ10_Debug\Obj\MK60_DWT.o" "C:\Program Files\Git
#        projects\A-car\A车 5级别pid - 路况 - 闭环 -
#        副本\Prj\IAR\DZ10_Debug\Obj\MK60_flash.o" "C:\Program Files\Git
#        projects\A-car\A车 5级别pid - 路况 - 闭环 -
#        副本\Prj\IAR\DZ10_Debug\Obj\MK60_flexbus.o" "C:\Program Files\Git
#        projects\A-car\A车 5级别pid - 路况 - 闭环 -
#        副本\Prj\IAR\DZ10_Debug\Obj\MK60_ftm.o" "C:\Program Files\Git
#        projects\A-car\A车 5级别pid - 路况 - 闭环 -
#        副本\Prj\IAR\DZ10_Debug\Obj\MK60_gpio.o" "C:\Program Files\Git
#        projects\A-car\A车 5级别pid - 路况 - 闭环 -
#        副本\Prj\IAR\DZ10_Debug\Obj\MK60_i2c.o" "C:\Program Files\Git
#        projects\A-car\A车 5级别pid - 路况 - 闭环 -
#        副本\Prj\IAR\DZ10_Debug\Obj\MK60_it.o" "C:\Program Files\Git
#        projects\A-car\A车 5级别pid - 路况 - 闭环 -
#        副本\Prj\IAR\DZ10_Debug\Obj\MK60_lptmr.o" "C:\Program Files\Git
#        projects\A-car\A车 5级别pid - 路况 - 闭环 -
#        副本\Prj\IAR\DZ10_Debug\Obj\MK60_mcg.o" "C:\Program Files\Git
#        projects\A-car\A车 5级别pid - 路况 - 闭环 -
#        副本\Prj\IAR\DZ10_Debug\Obj\MK60_PIT.o" "C:\Program Files\Git
#        projects\A-car\A车 5级别pid - 路况 - 闭环 -
#        副本\Prj\IAR\DZ10_Debug\Obj\MK60_port.o" "C:\Program Files\Git
#        projects\A-car\A车 5级别pid - 路况 - 闭环 -
#        副本\Prj\IAR\DZ10_Debug\Obj\MK60_rtc.o" "C:\Program Files\Git
#        projects\A-car\A车 5级别pid - 路况 - 闭环 -
#        副本\Prj\IAR\DZ10_Debug\Obj\MK60_sdhc.o" "C:\Program Files\Git
#        projects\A-car\A车 5级别pid - 路况 - 闭环 -
#        副本\Prj\IAR\DZ10_Debug\Obj\MK60_spi.o" "C:\Program Files\Git
#        projects\A-car\A车 5级别pid - 路况 - 闭环 -
#        副本\Prj\IAR\DZ10_Debug\Obj\MK60_SysTick.o" "C:\Program Files\Git
#        projects\A-car\A车 5级别pid - 路况 - 闭环 -
#        副本\Prj\IAR\DZ10_Debug\Obj\MK60_uart.o" "C:\Program Files\Git
#        projects\A-car\A车 5级别pid - 路况 - 闭环 -
#        副本\Prj\IAR\DZ10_Debug\Obj\MK60_usb.o" "C:\Program Files\Git
#        projects\A-car\A车 5级别pid - 路况 - 闭环 -
#        副本\Prj\IAR\DZ10_Debug\Obj\MK60_wdog.o" "C:\Program Files\Git
#        projects\A-car\A车 5级别pid - 路况 - 闭环 -
#        副本\Prj\IAR\DZ10_Debug\Obj\oled.o" "C:\Program Files\Git
#        projects\A-car\A车 5级别pid - 路况 - 闭环 -
#        副本\Prj\IAR\DZ10_Debug\Obj\SpeedControl.o" "C:\Program Files\Git
#        projects\A-car\A车 5级别pid - 路况 - 闭环 -
#        副本\Prj\IAR\DZ10_Debug\Obj\startup_MK60DZ10.o" "C:\Program
#        Files\Git projects\A-car\A车 5级别pid - 路况 - 闭环 -
#        副本\Prj\IAR\DZ10_Debug\Obj\System_Initialization.o" "C:\Program
#        Files\Git projects\A-car\A车 5级别pid - 路况 - 闭环 -
#        副本\Prj\IAR\DZ10_Debug\Obj\system_MK60DZ10.o" "C:\Program Files\Git
#        projects\A-car\A车 5级别pid - 路况 - 闭环 -
#        副本\Prj\IAR\DZ10_Debug\Obj\test.o" "C:\Program Files\Git
#        projects\A-car\A车 5级别pid - 路况 - 闭环 -
#        副本\Prj\IAR\DZ10_Debug\Obj\USB.o" "C:\Program Files\Git
#        projects\A-car\A车 5级别pid - 路况 - 闭环 -
#        副本\Prj\IAR\DZ10_Debug\Obj\USB_CDC.o" "C:\Program Files\Git
#        projects\A-car\A车 5级别pid - 路况 - 闭环 -
#        副本\Prj\IAR\DZ10_Debug\Obj\VCAN_ASCII.o" "C:\Program Files\Git
#        projects\A-car\A车 5级别pid - 路况 - 闭环 -
#        副本\Prj\IAR\DZ10_Debug\Obj\VCAN_BMP.o" "C:\Program Files\Git
#        projects\A-car\A车 5级别pid - 路况 - 闭环 -
#        副本\Prj\IAR\DZ10_Debug\Obj\VCAN_camera.o" "C:\Program Files\Git
#        projects\A-car\A车 5级别pid - 路况 - 闭环 -
#        副本\Prj\IAR\DZ10_Debug\Obj\VCAN_computer.o" "C:\Program Files\Git
#        projects\A-car\A车 5级别pid - 路况 - 闭环 -
#        副本\Prj\IAR\DZ10_Debug\Obj\vcan_img2sd.o" "C:\Program Files\Git
#        projects\A-car\A车 5级别pid - 路况 - 闭环 -
#        副本\Prj\IAR\DZ10_Debug\Obj\VCAN_key.o" "C:\Program Files\Git
#        projects\A-car\A车 5级别pid - 路况 - 闭环 -
#        副本\Prj\IAR\DZ10_Debug\Obj\VCAN_key_event.o" "C:\Program Files\Git
#        projects\A-car\A车 5级别pid - 路况 - 闭环 -
#        副本\Prj\IAR\DZ10_Debug\Obj\VCAN_LCD.o" "C:\Program Files\Git
#        projects\A-car\A车 5级别pid - 路况 - 闭环 -
#        副本\Prj\IAR\DZ10_Debug\Obj\VCAN_LCD_CH.o" "C:\Program Files\Git
#        projects\A-car\A车 5级别pid - 路况 - 闭环 -
#        副本\Prj\IAR\DZ10_Debug\Obj\VCAN_LCD_ILI9341.o" "C:\Program
#        Files\Git projects\A-car\A车 5级别pid - 路况 - 闭环 -
#        副本\Prj\IAR\DZ10_Debug\Obj\VCAN_LCD_ST7735R.o" "C:\Program
#        Files\Git projects\A-car\A车 5级别pid - 路况 - 闭环 -
#        副本\Prj\IAR\DZ10_Debug\Obj\VCAN_LCD_ST7735S.o" "C:\Program
#        Files\Git projects\A-car\A车 5级别pid - 路况 - 闭环 -
#        副本\Prj\IAR\DZ10_Debug\Obj\VCAN_LED.o" "C:\Program Files\Git
#        projects\A-car\A车 5级别pid - 路况 - 闭环 -
#        副本\Prj\IAR\DZ10_Debug\Obj\VCAN_MMA7455.o" "C:\Program Files\Git
#        projects\A-car\A车 5级别pid - 路况 - 闭环 -
#        副本\Prj\IAR\DZ10_Debug\Obj\VCAN_NRF24L0.o" "C:\Program Files\Git
#        projects\A-car\A车 5级别pid - 路况 - 闭环 -
#        副本\Prj\IAR\DZ10_Debug\Obj\VCAN_NRF24L0_MSG.o" "C:\Program
#        Files\Git projects\A-car\A车 5级别pid - 路况 - 闭环 -
#        副本\Prj\IAR\DZ10_Debug\Obj\VCAN_OV7725_Eagle.o" "C:\Program
#        Files\Git projects\A-car\A车 5级别pid - 路况 - 闭环 -
#        副本\Prj\IAR\DZ10_Debug\Obj\VCAN_OV7725_Wolf.o" "C:\Program
#        Files\Git projects\A-car\A车 5级别pid - 路况 - 闭环 -
#        副本\Prj\IAR\DZ10_Debug\Obj\VCAN_RTC_count.o" "C:\Program Files\Git
#        projects\A-car\A车 5级别pid - 路况 - 闭环 -
#        副本\Prj\IAR\DZ10_Debug\Obj\VCAN_SCCB.o" "C:\Program Files\Git
#        projects\A-car\A车 5级别pid - 路况 - 闭环 -
#        副本\Prj\IAR\DZ10_Debug\Obj\vcan_sd_app.o" "C:\Program Files\Git
#        projects\A-car\A车 5级别pid - 路况 - 闭环 -
#        副本\Prj\IAR\DZ10_Debug\Obj\Vcan_touch.o" "C:\Program Files\Git
#        projects\A-car\A车 5级别pid - 路况 - 闭环 -
#        副本\Prj\IAR\DZ10_Debug\Obj\VCAN_TSL1401.o" "C:\Program Files\Git
#        projects\A-car\A车 5级别pid - 路况 - 闭环 -
#        副本\Prj\IAR\DZ10_Debug\Obj\VCAN_UI_VAR.o" "C:\Program Files\Git
#        projects\A-car\A车 5级别pid - 路况 - 闭环 -
#        副本\Prj\IAR\DZ10_Debug\Obj\vectors.o" "C:\Program Files\Git
#        projects\A-car\A车 5级别pid - 路况 - 闭环 -
#        副本\Prj\IAR\DZ10_Debug\Obj\wireless.o" --redirect
#        _Printf=_PrintfLargeNoMb --redirect _Scanf=_ScanfLargeNoMb -o
#        "C:\Program Files\Git projects\A-car\A车 5级别pid - 路况 - 闭环
#        - 副本\Prj\IAR\DZ10_Debug\Exe\vcan_Kinetis.out" --map "C:\Program
#        Files\Git projects\A-car\A车 5级别pid - 路况 - 闭环 -
#        副本\Prj\IAR\DZ10_Debug\List\vcan_Kinetis.map" --config "C:\Program
#        Files\Git projects\A-car\A车 5级别pid - 路况 - 闭环 -
#        副本\Prj\IAR\config files\vcan_ROM_K60N512.icf" "C:\Program
#        Files\Git projects\A-car\A车 5级别pid - 路况 - 闭环 -
#        副本\Prj\IAR\..\..\Lib\CMSIS\iar_cortexM4l_math.a" --entry
#        __iar_program_start --vfe --text_out locale)
#
###############################################################################

*******************************************************************************
*** RUNTIME MODEL ATTRIBUTES
***

CppFlavor       = *
__SystemLibrary = DLib
__dlib_version  = 6


*******************************************************************************
*** HEAP SELECTION
***

The basic heap was selected because no calls to memory allocation
functions were found in the application outside of system library
functions, and there are calls to deallocation functions in the
application.


*******************************************************************************
*** PLACEMENT SUMMARY
***

"A0":  place at 0x00000000 { ro section .intvec };
"A1":  place at 0x00000410 { ro section .noinit };
"P1":  place in [from 0x00000000 to 0x00080000] { ro, block CodeRelocate };
"P2":  place in [from 0x1fff0410 to 0x20010000] {
          rw, block CodeRelocateRam, block CSTACK, block HEAP };
initialize manually with packing = copy, complex ranges { section .data };
initialize manually with packing = copy, complex ranges { section .textrw };

  Section              Kind        Address    Size  Object
  -------              ----        -------    ----  ------
"A0":                                        0x410
  .intvec              const    0x00000000   0x410  vectors.o [1]
                              - 0x00000410   0x410

"A1":                                          0x8
  .noinit              ro code  0x00000410     0x8  startup_MK60DZ10.o [1]
                              - 0x00000418     0x8

"P1":                                       0x7de4
  .text                ro code  0x00000418  0x157c  SpeedControl.o [1]
  .text                ro code  0x00001994    0x24  FltCmpLe.o [4]
  .text                ro code  0x000019b8    0x80  FltSub.o [4]
  .text                ro code  0x00001a38    0xfc  FltDiv.o [4]
  .text                ro code  0x00001b34    0x48  FltToDbl.o [4]
  .text                ro code  0x00001b7c    0xe2  DblSub.o [4]
  .text                ro code  0x00001c60    0x68  DblToFlt.o [4]
  .text                ro code  0x00001cc8    0x24  FltCmpGe.o [4]
  .text                ro code  0x00001cec    0xd8  FltMul.o [4]
  .text                ro code  0x00001dc4    0xe2  FltAdd.o [4]
  .text                ro code  0x00001ea8    0x24  S32ToFlt.o [4]
  .text                ro code  0x00001ecc    0x2a  FltToS32.o [4]
  .text                ro code  0x00001ef8   0x178  DblAdd.o [4]
  .text                ro code  0x00002070   0xc0e  xprintflarge_nomb.o [3]
  .text                ro code  0x00002c80    0x16  strchr.o [5]
  .text                ro code  0x00002c98    0x44  xfail_s.o [3]
  .text                ro code  0x00002cdc    0x36  strlen.o [5]
  .text                ro code  0x00002d14    0x58  memchr.o [5]
  .text                ro code  0x00002d6c    0xee  I64DivMod.o [5]
  .text                ro code  0x00002e5c   0x1a2  DblMul.o [4]
  .text                ro code  0x00003000    0xa6  ABImemcpy.o [5]
  .text                ro code  0x000030a8    0x70  frexp.o [4]
  .text                ro code  0x00003118    0x2e  DblCmpLe.o [4]
  .text                ro code  0x00003148   0x246  DblDiv.o [4]
  .text                ro code  0x00003390    0x28  DblToU32.o [4]
  .text                ro code  0x000033b8    0x1a  U32ToDbl.o [4]
  .text                ro code  0x000033d4     0xc  xlocale_c.o [3]
  .text                ro code  0x000033e0     0xe  div.o [3]
  .text                ro code  0x000033ee     0x6  abort.o [3]
  .text                ro code  0x000033f4     0x2  I64DivZer.o [5]
  .text                ro code  0x000033f8     0xc  XXexit.o [5]
  .data_init                    0x00003404   0xc08  <Block>
    Initializer bytes  const    0x00003404   0xc08  <for .data-1>
  .text                ro code  0x0000400c   0x874  oled.o [1]
  .text                ro code  0x00004880   0x1c0  MK60_gpio.o [1]
  .text                ro code  0x00004a40    0xbc  MK60_port.o [1]
  Veneer               ro code  0x00004afc     0x8  - Linker created -
  Veneer               ro code  0x00004b04     0x8  - Linker created -
  .text                ro code  0x00004b0c   0x144  MK60_conf.o [1]
  .text                ro code  0x00004c50    0x70  VCAN_LED.o [1]
  .text                ro code  0x00004cc0    0x28  printf.o [3]
  .text                ro code  0x00004ce8    0x64  MK60_SysTick.o [1]
  .text                ro code  0x00004d4c   0x248  MK60_uart.o [1]
  .text                ro code  0x00004f94    0x9c  VCAN_key.o [1]
  .text                ro code  0x00005030   0x728  AngleControl.o [1]
  Veneer               ro code  0x00005758     0x8  - Linker created -
  .text                ro code  0x00005760   0x5cc  test.o [1]
  .text                ro code  0x00005d2c   0x508  MK60_ftm.o [1]
  .text                ro code  0x00006234    0xcc  MK60_lptmr.o [1]
  .text                ro code  0x00006300    0x3a  DblToS32.o [4]
  .text                ro code  0x0000633c   0x47c  GetMessage.o [1]
  .text                ro code  0x000067b8   0x180  Funciton.o [1]
  .text                ro code  0x00006938   0x2bc  MK60_adc.o [1]
  .text                ro code  0x00006bf4    0x1c  U32ToFlt.o [4]
  .text                ro code  0x00006c10    0xf2  sqrt.o [4]
  Veneer               ro code  0x00006d04     0x8  - Linker created -
  .text                ro code  0x00006d0c   0x3e4  MK60_mcg.o [1]
  .text                ro code  0x000070f0   0x2fc  MK60_it.o [1]
  .text                ro code  0x000073ec    0xf8  MK60_PIT.o [1]
  .rodata              const    0x000074e4   0x228  oled.o [1]
  CodeRelocate                  0x0000770c   0x1c8  <Block>
    Initializer bytes  const    0x0000770c   0x1c8  <for CodeRelocateRam-1>
  .text                ro code  0x000078d4   0x1aa  System_Initialization.o [1]
  .text                ro code  0x00007a80    0x50  misc.o [1]
  .text                ro code  0x00007ad0   0x12c  system_MK60DZ10.o [1]
  .text                ro code  0x00007bfc    0x40  MK60_wdog.o [1]
  .text                ro code  0x00007c3c    0xc8  main.o [1]
  .rodata              const    0x00007d04    0x68  MK60_flash.o [1]
  .rodata              const    0x00007d6c    0x68  MK60_lptmr.o [1]
  .rodata              const    0x00007dd4    0x68  MK60_SysTick.o [1]
  .rodata              const    0x00007e3c    0x64  MK60_adc.o [1]
  .rodata              const    0x00007ea0    0x64  MK60_ftm.o [1]
  .rodata              const    0x00007f04    0x64  MK60_gpio.o [1]
  .rodata              const    0x00007f68    0x64  MK60_PIT.o [1]
  .rodata              const    0x00007fcc    0x64  MK60_uart.o [1]
  .rodata              const    0x00008030    0x60  misc.o [1]
  .text                ro code  0x00008090    0x40  zero_init3.o [5]
  .rodata              const    0x000080d0    0x3c  MK60_conf.o [1]
  .text                ro code  0x0000810c    0x28  data_init.o [5]
  .rodata              const    0x00008134    0x24  MK60_conf.o [1]
  .iar.init_table      const    0x00008158    0x10  - Linker created -
  .rodata              const    0x00008168    0x20  MK60_conf.o [1]
  .text                ro code  0x00008188    0x1a  cmain.o [5]
  .text                ro code  0x000081a2     0x4  low_level_init.o [3]
  .text                ro code  0x000081a6     0x4  exit.o [3]
  .text                ro code  0x000081ac     0xa  cexit.o [5]
  .text                ro code  0x000081b6    0x16  xprout.o [3]
  .text                ro code  0x000081cc     0xc  putchar.o [3]
  .rodata              const    0x000081d8    0x14  MK60_conf.o [1]
  .text                ro code  0x000081ec     0xc  cstartup_M.o [5]
  .rodata              const    0x000081f8     0x4  xlocale_c.o [3]
  .rodata              const    0x000081fc     0x0  zero_init3.o [5]
                              - 0x000081fc  0x7de4

"P2", part 1 of 2:                           0xdd0
  .data                         0x1fff0410   0xc08  <Block>
    .data-1                     0x1fff0410   0xc08  <Init block>
      .data            inited   0x1fff0410     0x4  AngleControl.o [1]
      .data            inited   0x1fff0414     0x4  AngleControl.o [1]
      .data            inited   0x1fff0418    0x14  AngleControl.o [1]
      .data            inited   0x1fff042c    0x14  AngleControl.o [1]
      .data            inited   0x1fff0440    0x14  AngleControl.o [1]
      .data            inited   0x1fff0454    0x14  AngleControl.o [1]
      .data            inited   0x1fff0468    0x90  AngleControl.o [1]
      .data            inited   0x1fff04f8    0x90  AngleControl.o [1]
      .data            inited   0x1fff0588     0x8  GetMessage.o [1]
      .data            inited   0x1fff0590     0x8  MK60_adc.o [1]
      .data            inited   0x1fff0598   0x708  MK60_conf.o [1]
      .data            inited   0x1fff0ca0     0xc  MK60_ftm.o [1]
      .data            inited   0x1fff0cac    0x14  MK60_gpio.o [1]
      .data            inited   0x1fff0cc0    0x44  MK60_mcg.o [1]
      .data            inited   0x1fff0d04     0x4  MK60_mcg.o [1]
      .data            inited   0x1fff0d08    0x14  MK60_port.o [1]
      .data            inited   0x1fff0d1c    0x18  MK60_uart.o [1]
      .data            inited   0x1fff0d34     0x4  SpeedControl.o [1]
      .data            inited   0x1fff0d38    0x14  SpeedControl.o [1]
      .data            inited   0x1fff0d4c    0x14  SpeedControl.o [1]
      .data            inited   0x1fff0d60    0x14  SpeedControl.o [1]
      .data            inited   0x1fff0d74    0x14  SpeedControl.o [1]
      .data            inited   0x1fff0d88    0x90  SpeedControl.o [1]
      .data            inited   0x1fff0e18    0x14  SpeedControl.o [1]
      .data            inited   0x1fff0e2c    0x14  SpeedControl.o [1]
      .data            inited   0x1fff0e40    0x14  SpeedControl.o [1]
      .data            inited   0x1fff0e54    0x14  SpeedControl.o [1]
      .data            inited   0x1fff0e68    0x90  SpeedControl.o [1]
      .data            inited   0x1fff0ef8    0x90  SpeedControl.o [1]
      .data            inited   0x1fff0f88     0x4  test.o [1]
      .data            inited   0x1fff0f8c     0x8  VCAN_key.o [1]
      .data            inited   0x1fff0f94     0x4  VCAN_LED.o [1]
      .data            inited   0x1fff0f98    0x38  xlocale_c.o [3]
      .data            inited   0x1fff0fd0    0x48  xfiles.o [3]
  CodeRelocateRam               0x1fff1018   0x1c8  <Block>
    CodeRelocateRam-1           0x1fff1018   0x1c8  <Init block>
      Veneer           inited   0x1fff1018     0x8  - Linker created -
      Veneer           inited   0x1fff1020     0x8  - Linker created -
      .textrw          inited   0x1fff1028   0x168  MK60_flash.o [1]
      .textrw          inited   0x1fff1190    0x50  MK60_mcg.o [1]
                              - 0x1fff11e0   0xdd0

"P2", part 2 of 2:                           0x248
  .bss                          0x1fff11e0   0x248  <Block>
    .bss               zero     0x1fff11e0     0x4  AngleControl.o [1]
    .bss               zero     0x1fff11e4     0x4  AngleControl.o [1]
    .bss               zero     0x1fff11e8     0x8  AngleControl.o [1]
    .bss               zero     0x1fff11f0     0x8  AngleControl.o [1]
    .bss               zero     0x1fff11f8    0x18  AngleControl.o [1]
    .bss               zero     0x1fff1210    0x18  AngleControl.o [1]
    .bss               zero     0x1fff1228    0x90  GetMessage.o [1]
    .bss               zero     0x1fff12b8     0x8  GetMessage.o [1]
    .bss               zero     0x1fff12c0     0x8  GetMessage.o [1]
    .bss               zero     0x1fff12c8    0x10  GetMessage.o [1]
    .bss               zero     0x1fff12d8     0x4  GetMessage.o [1]
    .bss               zero     0x1fff12dc     0x4  GetMessage.o [1]
    .bss               zero     0x1fff12e0     0x4  GetMessage.o [1]
    .bss               zero     0x1fff12e4     0x4  GetMessage.o [1]
    .bss               zero     0x1fff12e8     0x4  GetMessage.o [1]
    .bss               zero     0x1fff12ec     0xc  MK60_ftm.o [1]
    .bss               zero     0x1fff12f8     0x4  SpeedControl.o [1]
    .bss               zero     0x1fff12fc     0x4  SpeedControl.o [1]
    .bss               zero     0x1fff1300    0x18  SpeedControl.o [1]
    .bss               zero     0x1fff1318     0x4  SpeedControl.o [1]
    .bss               zero     0x1fff131c     0x4  SpeedControl.o [1]
    .bss               zero     0x1fff1320     0x4  SpeedControl.o [1]
    .bss               zero     0x1fff1324     0x4  SpeedControl.o [1]
    .bss               zero     0x1fff1328     0x4  SpeedControl.o [1]
    .bss               zero     0x1fff132c     0x4  SpeedControl.o [1]
    .bss               zero     0x1fff1330     0x4  SpeedControl.o [1]
    .bss               zero     0x1fff1334     0x4  SpeedControl.o [1]
    .bss               zero     0x1fff1338     0x4  SpeedControl.o [1]
    .bss               zero     0x1fff133c     0x4  SpeedControl.o [1]
    .bss               zero     0x1fff1340     0x4  SpeedControl.o [1]
    .bss               zero     0x1fff1344     0x4  SpeedControl.o [1]
    .bss               zero     0x1fff1348    0x18  SpeedControl.o [1]
    .bss               zero     0x1fff1360    0x18  SpeedControl.o [1]
    .bss               zero     0x1fff1378     0x4  system_MK60DZ10.o [1]
    .bss               zero     0x1fff137c     0x4  system_MK60DZ10.o [1]
    .bss               zero     0x1fff1380     0x4  system_MK60DZ10.o [1]
    .bss               zero     0x1fff1384     0x4  test.o [1]
    .bss               zero     0x1fff1388    0x10  test.o [1]
    .bss               zero     0x1fff1398     0x4  xfail_s.o [3]
    .bss               zero     0x1fff139c    0x50  xfiles.o [3]
    .bss               zero     0x1fff13ec     0x2  AngleControl.o [1]
    .bss               zero     0x1fff13ee     0x2  AngleControl.o [1]
    .bss               zero     0x1fff13f0     0x2  AngleControl.o [1]
    .bss               zero     0x1fff13f2     0x2  GetMessage.o [1]
    .bss               zero     0x1fff13f4     0x2  GetMessage.o [1]
    .bss               zero     0x1fff13f6     0x2  GetMessage.o [1]
    .bss               zero     0x1fff13f8     0x2  GetMessage.o [1]
    .bss               zero     0x1fff13fa     0x2  GetMessage.o [1]
    .bss               zero     0x1fff13fc     0x2  SpeedControl.o [1]
    .bss               zero     0x1fff13fe     0x2  SpeedControl.o [1]
    .bss               zero     0x1fff1400     0x2  SpeedControl.o [1]
    .bss               zero     0x1fff1402     0x2  SpeedControl.o [1]
    .bss               zero     0x1fff1404     0x2  SpeedControl.o [1]
    .bss               zero     0x1fff1406     0x2  SpeedControl.o [1]
    .bss               zero     0x1fff1408     0x2  test.o [1]
    .bss               zero     0x1fff140a     0x2  test.o [1]
    .bss               zero     0x1fff140c     0x2  test.o [1]
    .bss               zero     0x1fff140e     0x2  test.o [1]
    .bss               zero     0x1fff1410     0x1  AngleControl.o [1]
    .bss               zero     0x1fff1411     0x1  AngleControl.o [1]
    .bss               zero     0x1fff1412     0x1  AngleControl.o [1]
    .bss               zero     0x1fff1413     0x1  AngleControl.o [1]
    .bss               zero     0x1fff1414     0x1  GetMessage.o [1]
    .bss               zero     0x1fff1415     0x1  GetMessage.o [1]
    .bss               zero     0x1fff1416     0x1  GetMessage.o [1]
    .bss               zero     0x1fff1417     0x1  GetMessage.o [1]
    .bss               zero     0x1fff1418     0x1  GetMessage.o [1]
    .bss               zero     0x1fff1419     0x1  GetMessage.o [1]
    .bss               zero     0x1fff141a     0x1  GetMessage.o [1]
    .bss               zero     0x1fff141b     0x1  main.o [1]
    .bss               zero     0x1fff141c     0x1  MK60_it.o [1]
    .bss               zero     0x1fff141d     0x1  MK60_it.o [1]
    .bss               zero     0x1fff141e     0x1  MK60_it.o [1]
    .bss               zero     0x1fff141f     0x1  MK60_it.o [1]
    .bss               zero     0x1fff1420     0x1  SpeedControl.o [1]
    .bss               zero     0x1fff1421     0x1  SpeedControl.o [1]
    .bss               zero     0x1fff1422     0x1  SpeedControl.o [1]
    .bss               zero     0x1fff1423     0x1  test.o [1]
    .bss               zero     0x1fff1424     0x1  test.o [1]
    .bss               zero     0x1fff1425     0x1  test.o [1]
                              - 0x1fff1428   0x248


*******************************************************************************
*** INIT TABLE
***

          Address     Size
          -------     ----
Zero (__iar_zero_init3)
    1 destination range, total size 0x246:
          0x1fff11e0  0x246



*******************************************************************************
*** MODULE SUMMARY
***

    Module                   ro code  rw code  ro data  rw data
    ------                   -------  -------  -------  -------
C:\Program Files\Git projects\A-car\A车 5级别pid - 路况 - 闭环 - 副本\Prj\IAR\DZ10_Debug\Obj: [1]
    AngleControl.o             1 832               376      458
    Funciton.o                   384
    GetMessage.o               1 148                 8      221
    MK60_PIT.o                   248               100
    MK60_SysTick.o               100               104
    MK60_adc.o                   700               108        8
    MK60_conf.o                  324             1 948    1 800
    MK60_flash.o                          360      464
    MK60_ftm.o                 1 288               112       24
    MK60_gpio.o                  448               120       20
    MK60_it.o                    764                          4
    MK60_lptmr.o                 204               104
    MK60_mcg.o                   996       80      152       72
    MK60_port.o                  188                20       20
    MK60_uart.o                  584               124       24
    MK60_wdog.o                   64
    SpeedControl.o             5 500               596      739
    System_Initialization.o      426
    VCAN_LED.o                   112                 4        4
    VCAN_key.o                   156                 8        8
    main.o                       200                          1
    misc.o                        80                96
    oled.o                     2 164               552
    startup_MK60DZ10.o             8
    system_MK60DZ10.o            300                         12
    test.o                     1 484                 4       35
    vectors.o                                    1 040
    -----------------------------------------------------------
    Total:                    19 702      440    6 040    3 450

command line: [2]
    -----------------------------------------------------------
    Total:

dl7M_tlf.a: [3]
    abort.o                        6
    div.o                         14
    exit.o                         4
    low_level_init.o               4
    printf.o                      40
    putchar.o                     12
    xfail_s.o                     68                          4
    xfiles.o                                        72      152
    xlocale_c.o                   12                60       56
    xprintflarge_nomb.o        3 086
    xprout.o                      22
    -----------------------------------------------------------
    Total:                     3 268               132      212

m7M_tl.a: [4]
    DblAdd.o                     376
    DblCmpLe.o                    46
    DblDiv.o                     582
    DblMul.o                     418
    DblSub.o                     226
    DblToFlt.o                   104
    DblToS32.o                    58
    DblToU32.o                    40
    FltAdd.o                     226
    FltCmpGe.o                    36
    FltCmpLe.o                    36
    FltDiv.o                     252
    FltMul.o                     216
    FltSub.o                     128
    FltToDbl.o                    72
    FltToS32.o                    42
    S32ToFlt.o                    36
    U32ToDbl.o                    26
    U32ToFlt.o                    28
    frexp.o                      112
    sqrt.o                       242
    -----------------------------------------------------------
    Total:                     3 302

rt7M_tl.a: [5]
    ABImemcpy.o                  166
    I64DivMod.o                  238
    I64DivZer.o                    2
    XXexit.o                      12
    cexit.o                       10
    cmain.o                       26
    cstartup_M.o                  12
    data_init.o                   40
    memchr.o                      88
    strchr.o                      22
    strlen.o                      54
    zero_init3.o                  64
    -----------------------------------------------------------
    Total:                       734

    Gaps                          34
    Linker created                32       16       32
---------------------------------------------------------------
    Grand Total:              27 072      456    6 204    3 662


*******************************************************************************
*** ENTRY LIST
***

Entry                      Address   Size  Type      Object
-----                      -------   ----  ----      ------
.bss$$Base              0x1fff11e0          --   Gb  - Linker created -
.bss$$Limit             0x1fff1428          --   Gb  - Linker created -
.data$$Base             0x1fff0410          --   Gb  - Linker created -
.data$$Limit            0x1fff1018          --   Gb  - Linker created -
.data_init$$Base        0x00003404          --   Gb  - Linker created -
.data_init$$Limit       0x0000400c          --   Gb  - Linker created -
.iar.init_table$$Base   0x00008158          --   Gb  - Linker created -
.iar.init_table$$Limit  0x00008168          --   Gb  - Linker created -
?main                   0x00008189         Code  Gb  cmain.o [5]
ADCN                    0x1fff0590    0x8  Data  Gb  MK60_adc.o [1]
ADC_GetMessage          0x1fff1228   0x90  Data  Gb  GetMessage.o [1]
ADC_Initialization      0x000078eb   0x28  Code  Gb  System_Initialization.o [1]
ADC_Maxing              0x1fff0588    0x8  Data  Gb  GetMessage.o [1]
ADC_Normal              0x1fff12c8   0x10  Data  Gb  GetMessage.o [1]
ADC_Value               0x1fff12b8    0x8  Data  Gb  GetMessage.o [1]
ADC_max_test            0x1fff1388   0x10  Data  Gb  test.o [1]
ADCerror_diff           0x00006675  0x102  Code  Gb  GetMessage.o [1]
ADCnormal               0x000065ab   0xca  Code  Gb  GetMessage.o [1]
ASSERT_FAILED_STR       0x00008134   0x24  Data  Gb  MK60_conf.o [1]
CodeRelocate$$Base      0x0000770c          --   Gb  - Linker created -
CodeRelocate$$Limit     0x000078d4          --   Gb  - Linker created -
CodeRelocateRam$$Base   0x1fff1018          --   Gb  - Linker created -
CodeRelocateRam$$Limit  0x1fff11e0          --   Gb  - Linker created -
D_power                 0x1fff0414    0x4  Data  Gb  AngleControl.o [1]
F6x8                    0x000074e4  0x228  Data  Gb  oled.o [1]
FTMN                    0x1fff0ca0    0xc  Data  Gb  MK60_ftm.o [1]
FTM_Initialization      0x00007947   0x5c  Code  Gb  System_Initialization.o [1]
FTM_port_mux            0x00005d2d  0x118  Code  Lc  MK60_ftm.o [1]
Fuzzy_kd                0x1fff1210   0x18  Data  Gb  AngleControl.o [1]
Fuzzy_kp                0x1fff11f8   0x18  Data  Gb  AngleControl.o [1]
GPIOX                   0x1fff0cac   0x14  Data  Gb  MK60_gpio.o [1]
GPIO_Initialization     0x000079a3   0x76  Code  Gb  System_Initialization.o [1]
ISR_Initialization      0x00007a63   0x1c  Code  Gb  System_Initialization.o [1]
KEY_PTxn                0x1fff0f8c    0x8  Data  Gb  VCAN_key.o [1]
LEDPIN_Init             0x0000400d   0x2c  Code  Gb  oled.o [1]
LED_DLY_ms              0x0000413f   0x1a  Code  Gb  oled.o [1]
LED_Fill                0x000040ff   0x40  Code  Gb  oled.o [1]
LED_P6x8Char            0x00004305   0x58  Code  Gb  oled.o [1]
LED_PTxn                0x1fff0f94    0x4  Data  Gb  VCAN_LED.o [1]
LED_PrintShort          0x0000435d   0xea  Code  Gb  oled.o [1]
LED_PrintValueF         0x0000457b  0x2f8  Code  Gb  oled.o [1]
LED_PrintValueFP        0x00004447  0x134  Code  Gb  oled.o [1]
LED_Set_Pos             0x000040d7   0x28  Code  Gb  oled.o [1]
LED_WrCmd               0x00004089   0x4e  Code  Gb  oled.o [1]
LED_WrDat               0x00004039   0x4e  Code  Gb  oled.o [1]
LoadInt                 0x00002207   0x7a  Code  Lc  xprintflarge_nomb.o [3]
MessageProcessing       0x0000633d  0x26e  Code  Gb  GetMessage.o [1]
NVIC_EnableIRQ          0x00007c3d   0x16  Code  Lc  main.o [1]
NVIC_EnableIRQ          0x000078d5   0x16  Code  Lc  System_Initialization.o [1]
NVIC_SetPriority        0x00007c53   0x26  Code  Lc  main.o [1]
NVIC_SystemReset        0x00004b0d   0x1a  Code  Lc  MK60_conf.o [1]
OLED_Init               0x00004271   0x94  Code  Gb  oled.o [1]
OLED_Initialization     0x00007a39    0x8  Code  Gb  System_Initialization.o [1]
PIT0_IRQHandler         0x000070f1    0xe  Code  Gb  MK60_it.o [1]
PIT1_IRQHandler         0x000070ff   0x14  Code  Gb  MK60_it.o [1]
PIT3_IRQHandler         0x00007113    0xe  Code  Gb  MK60_it.o [1]
PIT_Initialization      0x00007913   0x34  Code  Gb  System_Initialization.o [1]
PORTA_IRQHandler        0x00007121  0x11c  Code  Gb  MK60_it.o [1]
PORTB_IRQHandler        0x0000723d  0x11c  Code  Gb  MK60_it.o [1]
PORTE_IRQHandler        0x00007359   0x26  Code  Gb  MK60_it.o [1]
PORTX                   0x1fff0d08   0x14  Data  Gb  MK60_port.o [1]
P_power                 0x1fff0410    0x4  Data  Gb  AngleControl.o [1]
Region$$Table$$Base     0x00008158          --   Gb  - Linker created -
Region$$Table$$Limit    0x00008168          --   Gb  - Linker created -
Reset_Handler           0x00000411         Code  Gb  startup_MK60DZ10.o [1]
Rule_kd                 0x1fff0454   0x14  Data  Gb  AngleControl.o [1]
Rule_kp                 0x1fff0440   0x14  Data  Gb  AngleControl.o [1]
SUM_ADC_GetMessage      0x1fff12c0    0x8  Data  Gb  GetMessage.o [1]
SetAddressingMode       0x00004159   0x14  Code  Gb  oled.o [1]
SetContrastControl      0x0000417d   0x14  Code  Gb  oled.o [1]
SetStartLine            0x0000416d   0x10  Code  Gb  oled.o [1]
Set_Charge_Pump         0x00004191   0x16  Code  Gb  oled.o [1]
Set_Common_Config       0x00004247   0x16  Code  Gb  oled.o [1]
Set_Common_Remap        0x000041fb   0x10  Code  Gb  oled.o [1]
Set_Display_Clock       0x0000421f   0x14  Code  Gb  oled.o [1]
Set_Display_Offset      0x0000420b   0x14  Code  Gb  oled.o [1]
Set_Display_On_Off      0x000041eb   0x10  Code  Gb  oled.o [1]
Set_Entire_Display      0x000041b7   0x10  Code  Gb  oled.o [1]
Set_Inverse_Display     0x000041c7   0x10  Code  Gb  oled.o [1]
Set_Multiplex_Ratio     0x000041d7   0x14  Code  Gb  oled.o [1]
Set_Precharge_Period    0x00004233   0x14  Code  Gb  oled.o [1]
Set_Segment_Remap       0x000041a7   0x10  Code  Gb  oled.o [1]
Set_VCOMH               0x0000425d   0x14  Code  Gb  oled.o [1]
System_Initialization   0x00007a41   0x22  Code  Gb  System_Initialization.o [1]
UARTN                   0x1fff0d1c   0x18  Data  Gb  MK60_uart.o [1]
_GenldLargeNoMb         0x000029a1  0x24a  Code  Lc  xprintflarge_nomb.o [3]
_LdtobLargeNoMb         0x0000273b  0x23e  Code  Lc  xprintflarge_nomb.o [3]
_LitobLargeNoMb         0x000025eb  0x10a  Code  Lc  xprintflarge_nomb.o [3]
_Locale_lconv           0x1fff0f98   0x38  Data  Lc  xlocale_c.o [3]
_PrintfLargeNoMb        0x00002071  0x190  Code  Gb  xprintflarge_nomb.o [3]
_Prout                  0x000081b7   0x16  Code  Gb  xprout.o [3]
_PutcharsLargeNoMb      0x00002beb   0x2e  Code  Lc  xprintflarge_nomb.o [3]
_PutfldLargeNoMb        0x00002281  0x25c  Code  Lc  xprintflarge_nomb.o [3]
_PuttxtLargeNoMb        0x000024dd  0x10e  Code  Lc  xprintflarge_nomb.o [3]
__BOOT_STACK_ADDRESS {Abs}
                        0x2000fff8         Data  Gb  command line/config [2]
__VECTOR_RAM {Abs}      0x1fff0000         Data  Gb  command line/config [2]
__VECTOR_TABLE {Abs}    0x00000000         Data  Gb  command line/config [2]
__aeabi_cdcmple         0x00003119         Code  Gb  DblCmpLe.o [4]
__aeabi_cfcmple         0x00001995         Code  Gb  FltCmpLe.o [4]
__aeabi_cfrcmple        0x00001cc9         Code  Gb  FltCmpGe.o [4]
__aeabi_d2f             0x00001c61         Code  Gb  DblToFlt.o [4]
__aeabi_d2iz            0x00006301         Code  Gb  DblToS32.o [4]
__aeabi_d2uiz           0x00003391         Code  Gb  DblToU32.o [4]
__aeabi_dadd            0x00001ef9         Code  Gb  DblAdd.o [4]
__aeabi_ddiv            0x00003149         Code  Gb  DblDiv.o [4]
__aeabi_dmul            0x00002e5d         Code  Gb  DblMul.o [4]
__aeabi_dsub            0x00001b7d         Code  Gb  DblSub.o [4]
__aeabi_f2d             0x00001b35         Code  Gb  FltToDbl.o [4]
__aeabi_f2iz            0x00001ecd         Code  Gb  FltToS32.o [4]
__aeabi_fadd            0x00001dc5         Code  Gb  FltAdd.o [4]
__aeabi_fdiv            0x00001a39         Code  Gb  FltDiv.o [4]
__aeabi_fmul            0x00001ced         Code  Gb  FltMul.o [4]
__aeabi_fsub            0x000019b9         Code  Gb  FltSub.o [4]
__aeabi_i2f             0x00001ea9         Code  Gb  S32ToFlt.o [4]
__aeabi_ldiv0           0x000033f5         Code  Gb  I64DivZer.o [5]
__aeabi_memcpy          0x00003001         Code  Gb  ABImemcpy.o [5]
__aeabi_memcpy4         0x00003021         Code  Gb  ABImemcpy.o [5]
__aeabi_memcpy8         0x00003021         Code  Gb  ABImemcpy.o [5]
__aeabi_ui2d            0x000033b9         Code  Gb  U32ToDbl.o [4]
__aeabi_ui2f            0x00006bf5         Code  Gb  U32ToFlt.o [4]
__aeabi_uldivmod        0x00002d6d         Code  Gb  I64DivMod.o [5]
__cmain                 0x00008189         Code  Gb  cmain.o [5]
__code_start__ {Abs}    0x00000410         Data  Gb  command line/config [2]
__exit                  0x000033f9         Code  Gb  XXexit.o [5]
__iar_Fail_s            0x00002c99   0x1e  Code  Gb  xfail_s.o [3]
__iar_Memchr            0x00002d15         Code  Gb  memchr.o [5]
__iar_Stdout            0x1fff0fd0   0x48  Data  Gb  xfiles.o [3]
__iar_Strchr            0x00002c81         Code  Gb  strchr.o [5]
__iar_dadd              0x00001b8d         Code  Gb  DblSub.o [4]
__iar_data_init3        0x0000810d   0x28  Code  Gb  data_init.o [5]
__iar_dsub              0x00001f09         Code  Gb  DblAdd.o [4]
__iar_dsubStart         0x00001f1b         Code  Gb  DblAdd.o [4]
__iar_fadd              0x000019c5         Code  Gb  FltSub.o [4]
__iar_frexp             0x000030b5         Code  Gb  frexp.o [4]
__iar_frexp64           0x000030a9         Code  Gb  frexp.o [4]
__iar_frexpl            0x000030b5         Code  Gb  frexp.o [4]
__iar_fsub              0x00001dd1         Code  Gb  FltAdd.o [4]
__iar_fsubStart         0x00001de1         Code  Gb  FltAdd.o [4]
__iar_program_start     0x000081ed         Code  Gb  cstartup_M.o [5]
__iar_sqrt64            0x00006c11         Code  Gb  sqrt.o [4]
__iar_systems$$module {Abs}
                        0x00000001         Data  Gb  command line/config [2]
__iar_zero_init3        0x00008091   0x40  Code  Gb  zero_init3.o [5]
__low_level_init        0x000081a3    0x4  Code  Gb  low_level_init.o [3]
__vector_table          0x00000000  0x410  Data  Gb  vectors.o [1]
_call_main              0x00008195         Code  Gb  cmain.o [5]
_exit                   0x000081ad         Code  Gb  cexit.o [5]
_main                   0x0000819f         Code  Gb  cmain.o [5]
abort                   0x000033ef    0x6  Code  Gb  abort.o [3]
adc_init                0x00006939  0x210  Code  Gb  MK60_adc.o [1]
adc_once                0x00006b49   0x52  Code  Gb  MK60_adc.o [1]
adc_start               0x00006b9b   0x46  Code  Lc  MK60_adc.o [1]
adc_test                0x1fff141b    0x1  Data  Gb  main.o [1]
assert_failed           0x00004b27   0x26  Code  Gb  MK60_conf.o [1]
beep_off                0x000067c5    0xc  Code  Gb  Funciton.o [1]
beep_on                 0x000067b9    0xc  Code  Gb  Funciton.o [1]
bus_clk_khz             0x1fff1380    0x4  Data  Gb  system_MK60DZ10.o [1]
change                  0x1fff13fa    0x2  Data  Gb  GetMessage.o [1]
common_startup          0x00007b2f   0x94  Code  Gb  system_MK60DZ10.o [1]
core_clk_khz            0x1fff1378    0x4  Data  Gb  system_MK60DZ10.o [1]
core_clk_mhz            0x1fff137c    0x4  Data  Gb  system_MK60DZ10.o [1]
default_isr             0x00004bfb   0x34  Code  Gb  MK60_conf.o [1]
div                     0x000033e1    0xe  Code  Gb  div.o [3]
eFuzzy                  0x1fff11e8    0x8  Data  Gb  AngleControl.o [1]
eRule                   0x1fff0418   0x14  Data  Gb  AngleControl.o [1]
ecFuzzy                 0x1fff11f0    0x8  Data  Gb  AngleControl.o [1]
ecRule                  0x1fff042c   0x14  Data  Gb  AngleControl.o [1]
exit                    0x000081a7    0x4  Code  Gb  exit.o [3]
fe                      0x1fff12d8    0x4  Data  Gb  GetMessage.o [1]
fe1                     0x1fff12dc    0x4  Data  Gb  GetMessage.o [1]
fe2                     0x1fff12e0    0x4  Data  Gb  GetMessage.o [1]
fe_last                 0x1fff12e4    0x4  Data  Gb  GetMessage.o [1]
fec                     0x1fff12e8    0x4  Data  Gb  GetMessage.o [1]
flag                    0x1fff1414    0x1  Data  Gb  GetMessage.o [1]
flag_csb                0x1fff141c    0x1  Data  Gb  MK60_it.o [1]
flash_cmd               0x1fff1029   0x20  Code  Gb  MK60_flash.o [1]
flash_erase_sector      0x1fff1079   0x58  Code  Gb  MK60_flash.o [1]
flash_init              0x1fff1049   0x30  Code  Gb  MK60_flash.o [1]
flash_write             0x1fff10d1   0x90  Code  Gb  MK60_flash.o [1]
fputc                   0x00004b4d   0x14  Code  Gb  MK60_conf.o [1]
frexp                   0x000030a9         Code  Gb  frexp.o [4]
frexpl                  0x000030a9         Code  Gb  frexp.o [4]
ftm_mod                 0x1fff12ec    0xc  Data  Lc  MK60_ftm.o [1]
ftm_pwm_duty            0x00005fd5   0xee  Code  Gb  MK60_ftm.o [1]
ftm_pwm_init            0x00005e45  0x190  Code  Gb  MK60_ftm.o [1]
ftm_quad_clean          0x000061f5   0x28  Code  Gb  MK60_ftm.o [1]
ftm_quad_get            0x000061c9   0x2c  Code  Gb  MK60_ftm.o [1]
ftm_quad_init           0x000060c3  0x106  Code  Gb  MK60_ftm.o [1]
fuzzy_mem_cal           0x00005031  0x318  Code  Gb  AngleControl.o [1]
fuzzy_query             0x00005349  0x2a4  Code  Gb  AngleControl.o [1]
fuzzy_solve             0x000055ed   0x7c  Code  Gb  AngleControl.o [1]
gpio_get                0x000049f7   0x3e  Code  Gb  MK60_gpio.o [1]
gpio_init               0x00004881   0xbe  Code  Gb  MK60_gpio.o [1]
gpio_set                0x0000493f   0x7c  Code  Gb  MK60_gpio.o [1]
gpio_turn               0x000049bb   0x3c  Code  Gb  MK60_gpio.o [1]
huandao_flag_a          0x1fff1415    0x1  Data  Gb  GetMessage.o [1]
huandao_flag_b          0x1fff1416    0x1  Data  Gb  GetMessage.o [1]
huandao_flag_d          0x1fff1417    0x1  Data  Gb  GetMessage.o [1]
huandao_flag_e          0x1fff1418    0x1  Data  Gb  GetMessage.o [1]
i                       0x1fff13f2    0x2  Data  Gb  GetMessage.o [1]
j                       0x1fff13f4    0x2  Data  Gb  GetMessage.o [1]
jishu                   0x1fff13f8    0x2  Data  Gb  GetMessage.o [1]
k                       0x1fff13f6    0x2  Data  Gb  GetMessage.o [1]
key_check               0x00005001   0x2a  Code  Gb  VCAN_key.o [1]
key_get                 0x00004fe7   0x1a  Code  Gb  VCAN_key.o [1]
key_init                0x00004f95   0x52  Code  Gb  VCAN_key.o [1]
l                       0x1fff1410    0x1  Data  Gb  AngleControl.o [1]
last_PWM_left           0x1fff1406    0x2  Data  Gb  SpeedControl.o [1]
last_PWM_right          0x1fff1404    0x2  Data  Gb  SpeedControl.o [1]
last_steerctrl          0x1fff13ee    0x2  Data  Gb  AngleControl.o [1]
last_stop               0x1fff1425    0x1  Data  Gb  test.o [1]
led_init                0x00004c51   0x3a  Code  Gb  VCAN_LED.o [1]
led_turn                0x00004c8b   0x32  Code  Gb  VCAN_LED.o [1]
level                   0x1fff1419    0x1  Data  Gb  GetMessage.o [1]
localeconv              0x000033d5    0x4  Code  Gb  xlocale_c.o [3]
lptmr_pulse_clean       0x000062cd   0x1a  Code  Gb  MK60_lptmr.o [1]
lptmr_pulse_get         0x000062b3   0x1a  Code  Gb  MK60_lptmr.o [1]
lptmr_pulse_init        0x00006235   0x7e  Code  Gb  MK60_lptmr.o [1]
m                       0x1fff1420    0x1  Data  Gb  SpeedControl.o [1]
main                    0x00007c79   0x72  Code  Gb  main.o [1]
mcg_cfg                 0x1fff0cc0   0x44  Data  Gb  MK60_mcg.o [1]
mcg_div                 0x1fff0d04    0x4  Data  Gb  MK60_mcg.o [1]
mcg_div_count           0x00006d0d  0x316  Code  Gb  MK60_mcg.o [1]
memchr                  0x00002d15         Code  Gb  memchr.o [5]
none_steerctrl          0x1fff141a    0x1  Data  Gb  GetMessage.o [1]
num                     0x1fff1413    0x1  Data  Gb  AngleControl.o [1]
obuf                    0x1fff139c   0x50  Data  Lc  xfiles.o [3]
oled_view               0x000067d1  0x13c  Code  Gb  Funciton.o [1]
ones                    0x1fff141e    0x1  Data  Gb  MK60_it.o [1]
pe                      0x1fff1411    0x1  Data  Gb  AngleControl.o [1]
pec                     0x1fff1412    0x1  Data  Gb  AngleControl.o [1]
pit_init                0x000073ed   0x6c  Code  Gb  MK60_PIT.o [1]
pit_time_start          0x00007459   0x7a  Code  Gb  MK60_PIT.o [1]
pll_init                0x00007023   0xb2  Code  Gb  MK60_mcg.o [1]
port_init               0x00004a41   0x4a  Code  Gb  MK60_port.o [1]
port_init_NoALT         0x00004a8b   0x6a  Code  Gb  MK60_port.o [1]
printf                  0x00004cc1   0x28  Code  Gb  printf.o [3]
putchar                 0x000081cd    0xc  Code  Gb  putchar.o [3]
rule_kd                 0x1fff04f8   0x90  Data  Gb  AngleControl.o [1]
rule_kp                 0x1fff0468   0x90  Data  Gb  AngleControl.o [1]
scale                   0x000026f5   0x46  Code  Lc  xprintflarge_nomb.o [3]
sec_hand                0x1fff1398    0x4  Data  Lc  xfail_s.o [3]
set_sys_dividers        0x1fff1191   0x50  Code  Gb  MK60_mcg.o [1]
set_vector_handler      0x00007aa3   0x22  Code  Gb  misc.o [1]
speed_D                 0x1fff1344    0x4  Data  Gb  SpeedControl.o [1]
speed_Fuzzy             0x1fff1300   0x18  Data  Gb  SpeedControl.o [1]
speed_Fuzzy_kd          0x1fff1360   0x18  Data  Gb  SpeedControl.o [1]
speed_Fuzzy_kp          0x1fff1348   0x18  Data  Gb  SpeedControl.o [1]
speed_P                 0x1fff1340    0x4  Data  Gb  SpeedControl.o [1]
speed_Rule              0x1fff0d60   0x14  Data  Gb  SpeedControl.o [1]
speed_Rule_kd           0x1fff0e54   0x14  Data  Gb  SpeedControl.o [1]
speed_Rule_kp           0x1fff0e40   0x14  Data  Gb  SpeedControl.o [1]
speed_eRule             0x1fff0d38   0x14  Data  Gb  SpeedControl.o [1]
speed_eRule_err         0x1fff0e18   0x14  Data  Gb  SpeedControl.o [1]
speed_ecRule            0x1fff0d4c   0x14  Data  Gb  SpeedControl.o [1]
speed_ecRule_err        0x1fff0e2c   0x14  Data  Gb  SpeedControl.o [1]
speed_error_Rule        0x1fff0d74   0x14  Data  Gb  SpeedControl.o [1]
speed_fe                0x1fff12f8    0x4  Data  Gb  SpeedControl.o [1]
speed_fe_last_left      0x1fff1328    0x4  Data  Gb  SpeedControl.o [1]
speed_fe_last_right     0x1fff132c    0x4  Data  Gb  SpeedControl.o [1]
speed_fe_left           0x1fff1330    0x4  Data  Gb  SpeedControl.o [1]
speed_fe_right          0x1fff1334    0x4  Data  Gb  SpeedControl.o [1]
speed_fec               0x1fff12fc    0x4  Data  Gb  SpeedControl.o [1]
speed_fec_left          0x1fff1338    0x4  Data  Gb  SpeedControl.o [1]
speed_fec_max           0x1fff1384    0x4  Data  Gb  test.o [1]
speed_fec_right         0x1fff133c    0x4  Data  Gb  SpeedControl.o [1]
speed_forecast          0x1fff1318    0x4  Data  Gb  SpeedControl.o [1]
speed_forecast_error    0x1fff131c    0x4  Data  Gb  SpeedControl.o [1]
speed_forecast_left     0x1fff1320    0x4  Data  Gb  SpeedControl.o [1]
speed_forecast_right    0x1fff1324    0x4  Data  Gb  SpeedControl.o [1]
speed_fuzzy_mem_cal_forecast
                        0x00000419  0x370  Code  Gb  SpeedControl.o [1]
speed_fuzzy_mem_cal_left
                        0x00000ae7  0x318  Code  Gb  SpeedControl.o [1]
speed_fuzzy_mem_cal_right
                        0x0000127d  0x2ce  Code  Gb  SpeedControl.o [1]
speed_fuzzy_query_forecast
                        0x00000789  0x1a8  Code  Gb  SpeedControl.o [1]
speed_fuzzy_query_left  0x00000e11  0x30a  Code  Gb  SpeedControl.o [1]
speed_fuzzy_query_right
                        0x00001599  0x29e  Code  Gb  SpeedControl.o [1]
speed_fuzzy_solve_forecast
                        0x00000931   0xba  Code  Gb  SpeedControl.o [1]
speed_fuzzy_solve_left  0x00001129   0xa0  Code  Gb  SpeedControl.o [1]
speed_fuzzy_solve_right
                        0x00001845   0x7c  Code  Gb  SpeedControl.o [1]
speed_min               0x1fff0f88    0x4  Data  Gb  test.o [1]
speed_now_left          0x1fff1408    0x2  Data  Gb  test.o [1]
speed_now_right         0x1fff140a    0x2  Data  Gb  test.o [1]
speed_pe                0x1fff1421    0x1  Data  Gb  SpeedControl.o [1]
speed_pec               0x1fff1422    0x1  Data  Gb  SpeedControl.o [1]
speed_power             0x1fff0d34    0x4  Data  Gb  SpeedControl.o [1]
speed_rule              0x1fff0d88   0x90  Data  Gb  SpeedControl.o [1]
speed_rule_kd           0x1fff0ef8   0x90  Data  Gb  SpeedControl.o [1]
speed_rule_kp           0x1fff0e68   0x90  Data  Gb  SpeedControl.o [1]
speedcontrol_forecast   0x000009eb   0xfc  Code  Gb  SpeedControl.o [1]
speedcontrol_left       0x000011cd   0x96  Code  Gb  SpeedControl.o [1]
speedcontrol_right      0x000018c1   0x7a  Code  Gb  SpeedControl.o [1]
speedctrl_error_left    0x1fff1400    0x2  Data  Gb  SpeedControl.o [1]
speedctrl_error_right   0x1fff1402    0x2  Data  Gb  SpeedControl.o [1]
speedctrl_left          0x1fff13fc    0x2  Data  Gb  SpeedControl.o [1]
speedctrl_left_opp      0x1fff140c    0x2  Data  Gb  test.o [1]
speedctrl_right         0x1fff13fe    0x2  Data  Gb  SpeedControl.o [1]
speedctrl_right_opp     0x1fff140e    0x2  Data  Gb  test.o [1]
sqrt                    0x00006c11         Code  Gb  sqrt.o [4]
sqrtl                   0x00006c11         Code  Gb  sqrt.o [4]
start                   0x00007ad1   0x22  Code  Gb  system_MK60DZ10.o [1]
start_check             0x00004b61   0x9a  Code  Gb  MK60_conf.o [1]
steer_D                 0x1fff11e4    0x4  Data  Gb  AngleControl.o [1]
steer_P                 0x1fff11e0    0x4  Data  Gb  AngleControl.o [1]
steercontrol            0x00005669   0x8c  Code  Gb  AngleControl.o [1]
steerctrl               0x1fff13ec    0x2  Data  Gb  AngleControl.o [1]
steerctrl_error         0x1fff13f0    0x2  Data  Gb  AngleControl.o [1]
strchr                  0x00002c81         Code  Gb  strchr.o [5]
strlen                  0x00002cdd         Code  Gb  strlen.o [5]
sysinit                 0x00007af3   0x3c  Code  Gb  system_MK60DZ10.o [1]
systick_delay           0x00004ce9   0x36  Code  Gb  MK60_SysTick.o [1]
systick_delay_ms        0x00004d1f   0x18  Code  Gb  MK60_SysTick.o [1]
tab                     0x1fff141f    0x1  Data  Gb  MK60_it.o [1]
test_max_ADC            0x00005bc9   0xba  Code  Gb  test.o [1]
test_max_ADC_flash_write
                        0x00005c83   0x52  Code  Gb  test.o [1]
test_motor              0x00005761  0x468  Code  Gb  test.o [1]
times                   0x1fff141d    0x1  Data  Gb  MK60_it.o [1]
u                       0x1fff1423    0x1  Data  Gb  test.o [1]
uart_init               0x00004d4d  0x214  Code  Gb  MK60_uart.o [1]
uart_putchar            0x00004f61   0x1a  Code  Gb  MK60_uart.o [1]
vector_str              0x1fff0598  0x708  Data  Gb  MK60_conf.o [1]
w                       0x1fff1424    0x1  Data  Gb  test.o [1]
wdog_disable            0x00007bfd   0x16  Code  Gb  MK60_wdog.o [1]
wdog_unlock             0x00007c13   0x20  Code  Lc  MK60_wdog.o [1]
write_vtor              0x00007a81   0x22  Code  Gb  misc.o [1]


[1] = C:\Program Files\Git projects\A-car\A车 5级别pid - 路况 - 闭环 - 副本\Prj\IAR\DZ10_Debug\Obj
[2] = command line
[3] = dl7M_tlf.a
[4] = m7M_tl.a
[5] = rt7M_tl.a

  27 072 bytes of readonly  code memory
     456 bytes of readwrite code memory
   6 204 bytes of readonly  data memory
   3 662 bytes of readwrite data memory

Errors: none
Warnings: none
